// Jest Snapshot v1, https://goo.gl/fbAQLP

exports[`App should match snapshot 1`] = `
ShallowWrapper {
  Symbol(enzyme.__root__): [Circular],
  Symbol(enzyme.__unrendered__): <App
    addMovies={[MockFunction]}
    loginUser={[MockFunction]}
    movies={
      Array [
        Object {
          "adult": false,
          "backdrop_path": "/h3KN24PrOheHVYs9ypuOIdFBEpX.jpg",
          "genre_ids": Array [
            16,
            10751,
            12,
          ],
          "id": 166428,
          "original_language": "en",
          "original_title": "How to Train Your Dragon: The Hidden World",
          "overview": "As Hiccup fulfills his dream of creating a peaceful dragon utopia, Toothless’ discovery of an untamed, elusive mate draws the Night Fury away. When danger mounts at home and Hiccup’s reign as village chief is tested, both dragon and rider must make impossible decisions to save their kind.",
          "popularity": 429.644,
          "poster_path": "/xvx4Yhf0DVH8G4LzNISpMfFBDy2.jpg",
          "release_date": "2019-01-03",
          "title": "How to Train Your Dragon: The Hidden World",
          "video": false,
          "vote_average": 7.7,
          "vote_count": 1128,
        },
        Object {
          "adult": false,
          "backdrop_path": "/w2PMyoyLU22YvrGK3smVM9fW1jj.jpg",
          "genre_ids": Array [
            28,
            12,
            878,
          ],
          "id": 299537,
          "original_language": "en",
          "original_title": "Captain Marvel",
          "overview": "The story follows Carol Danvers as she becomes one of the universe’s most powerful heroes when Earth is caught in the middle of a galactic war between two alien races. Set in the 1990s, Captain Marvel is an all-new adventure from a previously unseen period in the history of the Marvel Cinematic Universe.",
          "popularity": 373.277,
          "poster_path": "/AtsgWhDnHTq68L0lLsUrCnM7TjG.jpg",
          "release_date": "2019-03-06",
          "title": "Captain Marvel",
          "video": false,
          "vote_average": 7.3,
          "vote_count": 2816,
        },
        Object {
          "adult": false,
          "backdrop_path": "/ADJ6V8W96It4KElY2SPZvkKPBR.jpg",
          "genre_ids": Array [
            53,
            27,
          ],
          "id": 458723,
          "original_language": "en",
          "original_title": "Us",
          "overview": "Husband and wife Gabe and Adelaide Wilson take their kids to their beach house expecting to unplug and unwind with friends. But as night descends, their serenity turns to tension and chaos when some shocking visitors arrive uninvited.",
          "popularity": 299.886,
          "poster_path": "/ux2dU1jQ2ACIMShzB3yP93Udpzc.jpg",
          "release_date": "2019-03-14",
          "title": "Us",
          "video": false,
          "vote_average": 7.4,
          "vote_count": 312,
        },
      ]
    }
    user={
      Object {
        "email": "david@gmail.com",
        "id": 1,
        "name": "david",
        "password": "password",
      }
    }
  />,
  Symbol(enzyme.__renderer__): Object {
    "batchedUpdates": [Function],
    "checkPropTypes": [Function],
    "getNode": [Function],
    "render": [Function],
    "simulateError": [Function],
    "simulateEvent": [Function],
    "unmount": [Function],
  },
  Symbol(enzyme.__node__): Object {
    "instance": null,
    "key": undefined,
    "nodeType": "host",
    "props": Object {
      "children": Array [
        <Connect(Header) />,
        <Route
          component={[Function]}
          exact={true}
          path="/"
        />,
        <Route
          component={[Function]}
          exact={true}
          path="/sign-in"
        />,
        <Route
          component={[Function]}
          exact={true}
          path="/sign-up"
        />,
        <Route
          component={[Function]}
          exact={true}
          path="/movies"
        />,
        <Route
          exact={true}
          path="/1/favorites"
        />,
        <Route
          exact={true}
          path="/movieInfo/:id"
          render={[Function]}
        />,
        <Route
          component={[Function]}
          exact={true}
          path="/:user_id/favorites"
        />,
      ],
      "className": "App",
    },
    "ref": null,
    "rendered": Array [
      Object {
        "instance": null,
        "key": undefined,
        "nodeType": "class",
        "props": Object {},
        "ref": null,
        "rendered": null,
        "type": [Function],
      },
      Object {
        "instance": null,
        "key": undefined,
        "nodeType": "class",
        "props": Object {
          "component": [Function],
          "exact": true,
          "path": "/",
        },
        "ref": null,
        "rendered": null,
        "type": [Function],
      },
      Object {
        "instance": null,
        "key": undefined,
        "nodeType": "class",
        "props": Object {
          "component": [Function],
          "exact": true,
          "path": "/sign-in",
        },
        "ref": null,
        "rendered": null,
        "type": [Function],
      },
      Object {
        "instance": null,
        "key": undefined,
        "nodeType": "class",
        "props": Object {
          "component": [Function],
          "exact": true,
          "path": "/sign-up",
        },
        "ref": null,
        "rendered": null,
        "type": [Function],
      },
      Object {
        "instance": null,
        "key": undefined,
        "nodeType": "class",
        "props": Object {
          "component": [Function],
          "exact": true,
          "path": "/movies",
        },
        "ref": null,
        "rendered": null,
        "type": [Function],
      },
      Object {
        "instance": null,
        "key": undefined,
        "nodeType": "class",
        "props": Object {
          "exact": true,
          "path": "/1/favorites",
        },
        "ref": null,
        "rendered": null,
        "type": [Function],
      },
      Object {
        "instance": null,
        "key": undefined,
        "nodeType": "class",
        "props": Object {
          "exact": true,
          "path": "/movieInfo/:id",
          "render": [Function],
        },
        "ref": null,
        "rendered": null,
        "type": [Function],
      },
      Object {
        "instance": null,
        "key": undefined,
        "nodeType": "class",
        "props": Object {
          "component": [Function],
          "exact": true,
          "path": "/:user_id/favorites",
        },
        "ref": null,
        "rendered": null,
        "type": [Function],
      },
    ],
    "type": "div",
  },
  Symbol(enzyme.__nodes__): Array [
    Object {
      "instance": null,
      "key": undefined,
      "nodeType": "host",
      "props": Object {
        "children": Array [
          <Connect(Header) />,
          <Route
            component={[Function]}
            exact={true}
            path="/"
          />,
          <Route
            component={[Function]}
            exact={true}
            path="/sign-in"
          />,
          <Route
            component={[Function]}
            exact={true}
            path="/sign-up"
          />,
          <Route
            component={[Function]}
            exact={true}
            path="/movies"
          />,
          <Route
            exact={true}
            path="/1/favorites"
          />,
          <Route
            exact={true}
            path="/movieInfo/:id"
            render={[Function]}
          />,
          <Route
            component={[Function]}
            exact={true}
            path="/:user_id/favorites"
          />,
        ],
        "className": "App",
      },
      "ref": null,
      "rendered": Array [
        Object {
          "instance": null,
          "key": undefined,
          "nodeType": "class",
          "props": Object {},
          "ref": null,
          "rendered": null,
          "type": [Function],
        },
        Object {
          "instance": null,
          "key": undefined,
          "nodeType": "class",
          "props": Object {
            "component": [Function],
            "exact": true,
            "path": "/",
          },
          "ref": null,
          "rendered": null,
          "type": [Function],
        },
        Object {
          "instance": null,
          "key": undefined,
          "nodeType": "class",
          "props": Object {
            "component": [Function],
            "exact": true,
            "path": "/sign-in",
          },
          "ref": null,
          "rendered": null,
          "type": [Function],
        },
        Object {
          "instance": null,
          "key": undefined,
          "nodeType": "class",
          "props": Object {
            "component": [Function],
            "exact": true,
            "path": "/sign-up",
          },
          "ref": null,
          "rendered": null,
          "type": [Function],
        },
        Object {
          "instance": null,
          "key": undefined,
          "nodeType": "class",
          "props": Object {
            "component": [Function],
            "exact": true,
            "path": "/movies",
          },
          "ref": null,
          "rendered": null,
          "type": [Function],
        },
        Object {
          "instance": null,
          "key": undefined,
          "nodeType": "class",
          "props": Object {
            "exact": true,
            "path": "/1/favorites",
          },
          "ref": null,
          "rendered": null,
          "type": [Function],
        },
        Object {
          "instance": null,
          "key": undefined,
          "nodeType": "class",
          "props": Object {
            "exact": true,
            "path": "/movieInfo/:id",
            "render": [Function],
          },
          "ref": null,
          "rendered": null,
          "type": [Function],
        },
        Object {
          "instance": null,
          "key": undefined,
          "nodeType": "class",
          "props": Object {
            "component": [Function],
            "exact": true,
            "path": "/:user_id/favorites",
          },
          "ref": null,
          "rendered": null,
          "type": [Function],
        },
      ],
      "type": "div",
    },
  ],
  Symbol(enzyme.__options__): Object {
    "adapter": ReactSixteenAdapter {
      "options": Object {
        "enableComponentDidUpdateOnSetState": true,
        "legacyContextMode": "parent",
        "lifecycles": Object {
          "componentDidUpdate": Object {
            "onSetState": true,
          },
          "getChildContext": Object {
            "calledByRenderer": false,
          },
          "getDerivedStateFromProps": Object {
            "hasShouldComponentUpdateBug": false,
          },
          "getSnapshotBeforeUpdate": true,
          "setState": Object {
            "skipsComponentDidUpdateOnNullish": true,
          },
        },
      },
    },
  },
  Symbol(enzyme.__childContext__): null,
}
`;
