// Jest Snapshot v1, https://goo.gl/fbAQLP

exports[`SignUp should match snapshot 1`] = `
ShallowWrapper {
  Symbol(enzyme.__root__): [Circular],
  Symbol(enzyme.__unrendered__): <SignUp />,
  Symbol(enzyme.__renderer__): Object {
    "batchedUpdates": [Function],
    "checkPropTypes": [Function],
    "getNode": [Function],
    "render": [Function],
    "simulateError": [Function],
    "simulateEvent": [Function],
    "unmount": [Function],
  },
  Symbol(enzyme.__node__): Object {
    "instance": null,
    "key": undefined,
    "nodeType": "host",
    "props": Object {
      "children": <section>
        <form
          className="sign-up-form"
          onChange={[Function]}
          onSubmit={[Function]}
        >
          <div>
            <label>
              Name
            </label>
            <i
              className="fas fa-user"
            />
          </div>
          <input
            autoComplete="off"
            name="name"
            placeholder="Name"
            type="text"
          />
          <div>
            <label>
              Email
            </label>
            <i
              className="fas fa-envelope"
            />
          </div>
          <input
            autoComplete="off"
            name="email"
            placeholder="email@example.com"
            type="email"
          />
          <div>
            <label>
              Password
            </label>
            <i
              className="fas fa-lock"
            />
          </div>
          <input
            autoComplete="off"
            name="password"
            placeholder="password"
            type="password"
          />
          <input
            className="sign-up-btn"
            type="submit"
          />
        </form>
        <NavLink
          className="sign-in-link"
          to="/sign-in"
        >
          Already have an account? Sign in
        </NavLink>
      </section>,
      "className": "sign-up-container",
    },
    "ref": null,
    "rendered": Object {
      "instance": null,
      "key": undefined,
      "nodeType": "host",
      "props": Object {
        "children": Array [
          <form
            className="sign-up-form"
            onChange={[Function]}
            onSubmit={[Function]}
          >
            <div>
              <label>
                Name
              </label>
              <i
                className="fas fa-user"
              />
            </div>
            <input
              autoComplete="off"
              name="name"
              placeholder="Name"
              type="text"
            />
            <div>
              <label>
                Email
              </label>
              <i
                className="fas fa-envelope"
              />
            </div>
            <input
              autoComplete="off"
              name="email"
              placeholder="email@example.com"
              type="email"
            />
            <div>
              <label>
                Password
              </label>
              <i
                className="fas fa-lock"
              />
            </div>
            <input
              autoComplete="off"
              name="password"
              placeholder="password"
              type="password"
            />
            <input
              className="sign-up-btn"
              type="submit"
            />
          </form>,
          <NavLink
            className="sign-in-link"
            to="/sign-in"
          >
            Already have an account? Sign in
          </NavLink>,
        ],
      },
      "ref": null,
      "rendered": Array [
        Object {
          "instance": null,
          "key": undefined,
          "nodeType": "host",
          "props": Object {
            "children": Array [
              <div>
                <label>
                  Name
                </label>
                <i
                  className="fas fa-user"
                />
              </div>,
              <input
                autoComplete="off"
                name="name"
                placeholder="Name"
                type="text"
              />,
              <div>
                <label>
                  Email
                </label>
                <i
                  className="fas fa-envelope"
                />
              </div>,
              <input
                autoComplete="off"
                name="email"
                placeholder="email@example.com"
                type="email"
              />,
              <div>
                <label>
                  Password
                </label>
                <i
                  className="fas fa-lock"
                />
              </div>,
              <input
                autoComplete="off"
                name="password"
                placeholder="password"
                type="password"
              />,
              <input
                className="sign-up-btn"
                type="submit"
              />,
            ],
            "className": "sign-up-form",
            "onChange": [Function],
            "onSubmit": [Function],
          },
          "ref": null,
          "rendered": Array [
            Object {
              "instance": null,
              "key": undefined,
              "nodeType": "host",
              "props": Object {
                "children": Array [
                  <label>
                    Name
                  </label>,
                  <i
                    className="fas fa-user"
                  />,
                ],
              },
              "ref": null,
              "rendered": Array [
                Object {
                  "instance": null,
                  "key": undefined,
                  "nodeType": "host",
                  "props": Object {
                    "children": "Name",
                  },
                  "ref": null,
                  "rendered": "Name",
                  "type": "label",
                },
                Object {
                  "instance": null,
                  "key": undefined,
                  "nodeType": "host",
                  "props": Object {
                    "className": "fas fa-user",
                  },
                  "ref": null,
                  "rendered": null,
                  "type": "i",
                },
              ],
              "type": "div",
            },
            Object {
              "instance": null,
              "key": undefined,
              "nodeType": "host",
              "props": Object {
                "autoComplete": "off",
                "name": "name",
                "placeholder": "Name",
                "type": "text",
              },
              "ref": null,
              "rendered": null,
              "type": "input",
            },
            Object {
              "instance": null,
              "key": undefined,
              "nodeType": "host",
              "props": Object {
                "children": Array [
                  <label>
                    Email
                  </label>,
                  <i
                    className="fas fa-envelope"
                  />,
                ],
              },
              "ref": null,
              "rendered": Array [
                Object {
                  "instance": null,
                  "key": undefined,
                  "nodeType": "host",
                  "props": Object {
                    "children": "Email",
                  },
                  "ref": null,
                  "rendered": "Email",
                  "type": "label",
                },
                Object {
                  "instance": null,
                  "key": undefined,
                  "nodeType": "host",
                  "props": Object {
                    "className": "fas fa-envelope",
                  },
                  "ref": null,
                  "rendered": null,
                  "type": "i",
                },
              ],
              "type": "div",
            },
            Object {
              "instance": null,
              "key": undefined,
              "nodeType": "host",
              "props": Object {
                "autoComplete": "off",
                "name": "email",
                "placeholder": "email@example.com",
                "type": "email",
              },
              "ref": null,
              "rendered": null,
              "type": "input",
            },
            Object {
              "instance": null,
              "key": undefined,
              "nodeType": "host",
              "props": Object {
                "children": Array [
                  <label>
                    Password
                  </label>,
                  <i
                    className="fas fa-lock"
                  />,
                ],
              },
              "ref": null,
              "rendered": Array [
                Object {
                  "instance": null,
                  "key": undefined,
                  "nodeType": "host",
                  "props": Object {
                    "children": "Password",
                  },
                  "ref": null,
                  "rendered": "Password",
                  "type": "label",
                },
                Object {
                  "instance": null,
                  "key": undefined,
                  "nodeType": "host",
                  "props": Object {
                    "className": "fas fa-lock",
                  },
                  "ref": null,
                  "rendered": null,
                  "type": "i",
                },
              ],
              "type": "div",
            },
            Object {
              "instance": null,
              "key": undefined,
              "nodeType": "host",
              "props": Object {
                "autoComplete": "off",
                "name": "password",
                "placeholder": "password",
                "type": "password",
              },
              "ref": null,
              "rendered": null,
              "type": "input",
            },
            Object {
              "instance": null,
              "key": undefined,
              "nodeType": "host",
              "props": Object {
                "className": "sign-up-btn",
                "type": "submit",
              },
              "ref": null,
              "rendered": null,
              "type": "input",
            },
          ],
          "type": "form",
        },
        Object {
          "instance": null,
          "key": undefined,
          "nodeType": "function",
          "props": Object {
            "children": "Already have an account? Sign in",
            "className": "sign-in-link",
            "to": "/sign-in",
          },
          "ref": null,
          "rendered": "Already have an account? Sign in",
          "type": [Function],
        },
      ],
      "type": "section",
    },
    "type": "div",
  },
  Symbol(enzyme.__nodes__): Array [
    Object {
      "instance": null,
      "key": undefined,
      "nodeType": "host",
      "props": Object {
        "children": <section>
          <form
            className="sign-up-form"
            onChange={[Function]}
            onSubmit={[Function]}
          >
            <div>
              <label>
                Name
              </label>
              <i
                className="fas fa-user"
              />
            </div>
            <input
              autoComplete="off"
              name="name"
              placeholder="Name"
              type="text"
            />
            <div>
              <label>
                Email
              </label>
              <i
                className="fas fa-envelope"
              />
            </div>
            <input
              autoComplete="off"
              name="email"
              placeholder="email@example.com"
              type="email"
            />
            <div>
              <label>
                Password
              </label>
              <i
                className="fas fa-lock"
              />
            </div>
            <input
              autoComplete="off"
              name="password"
              placeholder="password"
              type="password"
            />
            <input
              className="sign-up-btn"
              type="submit"
            />
          </form>
          <NavLink
            className="sign-in-link"
            to="/sign-in"
          >
            Already have an account? Sign in
          </NavLink>
        </section>,
        "className": "sign-up-container",
      },
      "ref": null,
      "rendered": Object {
        "instance": null,
        "key": undefined,
        "nodeType": "host",
        "props": Object {
          "children": Array [
            <form
              className="sign-up-form"
              onChange={[Function]}
              onSubmit={[Function]}
            >
              <div>
                <label>
                  Name
                </label>
                <i
                  className="fas fa-user"
                />
              </div>
              <input
                autoComplete="off"
                name="name"
                placeholder="Name"
                type="text"
              />
              <div>
                <label>
                  Email
                </label>
                <i
                  className="fas fa-envelope"
                />
              </div>
              <input
                autoComplete="off"
                name="email"
                placeholder="email@example.com"
                type="email"
              />
              <div>
                <label>
                  Password
                </label>
                <i
                  className="fas fa-lock"
                />
              </div>
              <input
                autoComplete="off"
                name="password"
                placeholder="password"
                type="password"
              />
              <input
                className="sign-up-btn"
                type="submit"
              />
            </form>,
            <NavLink
              className="sign-in-link"
              to="/sign-in"
            >
              Already have an account? Sign in
            </NavLink>,
          ],
        },
        "ref": null,
        "rendered": Array [
          Object {
            "instance": null,
            "key": undefined,
            "nodeType": "host",
            "props": Object {
              "children": Array [
                <div>
                  <label>
                    Name
                  </label>
                  <i
                    className="fas fa-user"
                  />
                </div>,
                <input
                  autoComplete="off"
                  name="name"
                  placeholder="Name"
                  type="text"
                />,
                <div>
                  <label>
                    Email
                  </label>
                  <i
                    className="fas fa-envelope"
                  />
                </div>,
                <input
                  autoComplete="off"
                  name="email"
                  placeholder="email@example.com"
                  type="email"
                />,
                <div>
                  <label>
                    Password
                  </label>
                  <i
                    className="fas fa-lock"
                  />
                </div>,
                <input
                  autoComplete="off"
                  name="password"
                  placeholder="password"
                  type="password"
                />,
                <input
                  className="sign-up-btn"
                  type="submit"
                />,
              ],
              "className": "sign-up-form",
              "onChange": [Function],
              "onSubmit": [Function],
            },
            "ref": null,
            "rendered": Array [
              Object {
                "instance": null,
                "key": undefined,
                "nodeType": "host",
                "props": Object {
                  "children": Array [
                    <label>
                      Name
                    </label>,
                    <i
                      className="fas fa-user"
                    />,
                  ],
                },
                "ref": null,
                "rendered": Array [
                  Object {
                    "instance": null,
                    "key": undefined,
                    "nodeType": "host",
                    "props": Object {
                      "children": "Name",
                    },
                    "ref": null,
                    "rendered": "Name",
                    "type": "label",
                  },
                  Object {
                    "instance": null,
                    "key": undefined,
                    "nodeType": "host",
                    "props": Object {
                      "className": "fas fa-user",
                    },
                    "ref": null,
                    "rendered": null,
                    "type": "i",
                  },
                ],
                "type": "div",
              },
              Object {
                "instance": null,
                "key": undefined,
                "nodeType": "host",
                "props": Object {
                  "autoComplete": "off",
                  "name": "name",
                  "placeholder": "Name",
                  "type": "text",
                },
                "ref": null,
                "rendered": null,
                "type": "input",
              },
              Object {
                "instance": null,
                "key": undefined,
                "nodeType": "host",
                "props": Object {
                  "children": Array [
                    <label>
                      Email
                    </label>,
                    <i
                      className="fas fa-envelope"
                    />,
                  ],
                },
                "ref": null,
                "rendered": Array [
                  Object {
                    "instance": null,
                    "key": undefined,
                    "nodeType": "host",
                    "props": Object {
                      "children": "Email",
                    },
                    "ref": null,
                    "rendered": "Email",
                    "type": "label",
                  },
                  Object {
                    "instance": null,
                    "key": undefined,
                    "nodeType": "host",
                    "props": Object {
                      "className": "fas fa-envelope",
                    },
                    "ref": null,
                    "rendered": null,
                    "type": "i",
                  },
                ],
                "type": "div",
              },
              Object {
                "instance": null,
                "key": undefined,
                "nodeType": "host",
                "props": Object {
                  "autoComplete": "off",
                  "name": "email",
                  "placeholder": "email@example.com",
                  "type": "email",
                },
                "ref": null,
                "rendered": null,
                "type": "input",
              },
              Object {
                "instance": null,
                "key": undefined,
                "nodeType": "host",
                "props": Object {
                  "children": Array [
                    <label>
                      Password
                    </label>,
                    <i
                      className="fas fa-lock"
                    />,
                  ],
                },
                "ref": null,
                "rendered": Array [
                  Object {
                    "instance": null,
                    "key": undefined,
                    "nodeType": "host",
                    "props": Object {
                      "children": "Password",
                    },
                    "ref": null,
                    "rendered": "Password",
                    "type": "label",
                  },
                  Object {
                    "instance": null,
                    "key": undefined,
                    "nodeType": "host",
                    "props": Object {
                      "className": "fas fa-lock",
                    },
                    "ref": null,
                    "rendered": null,
                    "type": "i",
                  },
                ],
                "type": "div",
              },
              Object {
                "instance": null,
                "key": undefined,
                "nodeType": "host",
                "props": Object {
                  "autoComplete": "off",
                  "name": "password",
                  "placeholder": "password",
                  "type": "password",
                },
                "ref": null,
                "rendered": null,
                "type": "input",
              },
              Object {
                "instance": null,
                "key": undefined,
                "nodeType": "host",
                "props": Object {
                  "className": "sign-up-btn",
                  "type": "submit",
                },
                "ref": null,
                "rendered": null,
                "type": "input",
              },
            ],
            "type": "form",
          },
          Object {
            "instance": null,
            "key": undefined,
            "nodeType": "function",
            "props": Object {
              "children": "Already have an account? Sign in",
              "className": "sign-in-link",
              "to": "/sign-in",
            },
            "ref": null,
            "rendered": "Already have an account? Sign in",
            "type": [Function],
          },
        ],
        "type": "section",
      },
      "type": "div",
    },
  ],
  Symbol(enzyme.__options__): Object {
    "adapter": ReactSixteenAdapter {
      "options": Object {
        "enableComponentDidUpdateOnSetState": true,
        "legacyContextMode": "parent",
        "lifecycles": Object {
          "componentDidUpdate": Object {
            "onSetState": true,
          },
          "getChildContext": Object {
            "calledByRenderer": false,
          },
          "getDerivedStateFromProps": Object {
            "hasShouldComponentUpdateBug": false,
          },
          "getSnapshotBeforeUpdate": true,
          "setState": Object {
            "skipsComponentDidUpdateOnNullish": true,
          },
        },
      },
    },
  },
  Symbol(enzyme.__childContext__): null,
}
`;
